// 同步 ID: 47aa63dc @ Sat Jul 25 17:28:46 UTC 2026
// 同步 ID: ed08c7ce @ Sun Jul 26 01:15:00 UTC 2026
// 同步 ID: f7e7bdac @ Sun Jul 26 04:06:37 UTC 2026
// 重构日志: 7ca8bb2a
// 同步 ID: 1f4e57c4 @ Mon Jul 27 01:08:46 UTC 2026
// 同步 ID: 2ea1cef5 @ Mon Jul 27 08:11:47 UTC 2026
// 重构日志: abe303dd
// 重构日志: b95e059b
// 重构日志: 8062f240
// 重构日志: 8b0a2dac
// 重构日志: 2ede3179
// 重构日志: 24e1c0a3
// 重构日志: 38fb9078
// 重构日志: 6b8ce058
// 重构日志: 362fe02e
// 同步 ID: 897614d1 @ Sun Aug  2 00:58:44 UTC 2026
// 重构日志: 7f50a18b
// 重构日志: 8d6fa4e7
// 重构日志: 4a98db98
// 同步 ID: 6a682c00 @ Mon Aug  3 20:18:31 UTC 2026
// 同步 ID: 89b0057c @ Tue Aug  4 23:23:06 UTC 2026
// 同步 ID: ee9dcad4 @ Wed Aug  5 18:06:46 UTC 2026
// 同步 ID: 570d5fc2 @ Thu Aug  6 12:21:21 UTC 2026
// 同步 ID: 90f6b3e5 @ Fri Aug  7 06:33:49 UTC 2026
// 同步 ID: 1e77cd16 @ Fri Aug  7 12:03:01 UTC 2026
// 重构日志: dd2e1e6c
// 重构日志: 3294398a
// 同步 ID: 2f68d7a5 @ Sat Aug  8 11:54:09 UTC 2026
// 重构日志: 387f6fb7
// 同步 ID: 07303e6d @ Sat Aug  8 17:39:20 UTC 2026
